[2026-01-05 16:34:14] INFO: Cache MISS for /GetCities
[2026-01-05 16:34:14] INFO: Fetching from network: /GetCities
[2026-01-05 16:34:14] INFO: Cache UPDATE for /GetCities
[2026-01-05 16:39:49] INFO: Cache ALLZ for /GetCities
[2026-01-05 16:43:51] INFO: Cache MISS for /GetCities
[2026-01-05 16:43:51] INFO: Fetching from network: /GetCities
[2026-01-05 16:43:51] INFO: Cache UPDATE for /GetCities
[2026-01-05 16:53:39] INFO: Cache MISS for /GetCities
[2026-01-05 16:53:39] INFO: Fetching from network: https://stockholm1.onvo.se:10443/GetCities
[2026-01-05 16:53:39] INFO: Cache UPDATE for /GetCities
[2026-01-05 16:53:39] INFO: Cache ALLZ for /GetCities
[2026-01-05 16:54:00] INFO: Cache MISS for /GetLocation?name=TestPlace
[2026-01-05 16:54:00] INFO: Fetching from network: https://stockholm1.onvo.se:10443/GetLocation?name=TestPlace
[2026-01-05 16:54:00] INFO: Cache UPDATE for /GetLocation?name=TestPlace
[2026-01-05 16:54:24] INFO: Cache MISS for /GetLocation?name=DefaultHTTP
[2026-01-05 16:54:24] INFO: Fetching from network: http://stockholm1.onvo.se:10480/GetLocation?name=DefaultHTTP
[2026-01-05 16:54:24] INFO: Cache UPDATE for /GetLocation?name=DefaultHTTP
[2026-01-05 16:54:24] INFO: Cache MISS for /GetLocation?name=SwitchedHTTPS
[2026-01-05 16:54:24] INFO: Fetching from network: https://stockholm1.onvo.se:10443/GetLocation?name=SwitchedHTTPS
[2026-01-05 16:54:25] INFO: Cache UPDATE for /GetLocation?name=SwitchedHTTPS
[2026-01-05 16:58:43] INFO: Cache ALLZ for /GetCities
[2026-01-05 16:58:43] INFO: Cache MISS for /GetLocation?name=Stockholm
[2026-01-05 16:58:43] INFO: Fetching from network: http://stockholm1.onvo.se:10480/GetLocation?name=Stockholm
[2026-01-05 16:58:44] INFO: Cache UPDATE for /GetLocation?name=Stockholm
[2026-01-05 16:58:44] INFO: Cache MISS for /GetWeather?lat=59.32&lon=18.06
[2026-01-05 16:58:44] INFO: Fetching from network: http://stockholm1.onvo.se:10480/GetWeather?lat=59.32&lon=18.06
[2026-01-05 16:58:44] INFO: Cache UPDATE for /GetWeather?lat=59.32&lon=18.06
[2026-01-05 16:58:44] INFO: Cache MISS for /GetSurprise
[2026-01-05 16:58:44] INFO: Fetching from network: http://stockholm1.onvo.se:10480/GetSurprise
[2026-01-05 16:58:44] INFO: Cache UPDATE for /GetSurprise
[2026-01-05 16:58:44] INFO: Cache ALLZ for /GetCities
[2026-01-05 16:58:44] INFO: Cache ALLZ for /GetLocation?name=Stockholm
[2026-01-05 16:58:44] INFO: Cache ALLZ for /GetWeather?lat=59.32&lon=18.06
[2026-01-05 16:58:44] INFO: Cache ALLZ for /GetSurprise
[2026-01-05 17:04:39] INFO: Cache MISS for /GetCities
[2026-01-05 17:04:39] INFO: Fetching from network: http://stockholm1.onvo.se:10480/GetCities
[2026-01-05 17:04:40] INFO: Cache UPDATE for /GetCities
[2026-01-05 17:04:40] INFO: Cache MISS for /GetLocation?name=Stockholm
[2026-01-05 17:04:40] INFO: Fetching from network: http://stockholm1.onvo.se:10480/GetLocation?name=Stockholm
[2026-01-05 17:04:40] INFO: Cache UPDATE for /GetLocation?name=Stockholm
[2026-01-05 17:04:40] INFO: Cache MISS for /GetWeather?lat=59.32&lon=18.06
[2026-01-05 17:04:40] INFO: Fetching from network: http://stockholm1.onvo.se:10480/GetWeather?lat=59.32&lon=18.06
[2026-01-05 17:04:40] INFO: Cache UPDATE for /GetWeather?lat=59.32&lon=18.06
[2026-01-05 17:04:40] INFO: Cache MISS for /GetSurprise
[2026-01-05 17:04:40] INFO: Fetching from network: http://stockholm1.onvo.se:10480/GetSurprise
[2026-01-05 17:04:41] INFO: Cache UPDATE for /GetSurprise
[2026-01-05 17:04:41] INFO: Cache ALLZ for /GetCities
[2026-01-05 17:04:41] INFO: Cache ALLZ for /GetLocation?name=Stockholm
[2026-01-05 17:04:41] INFO: Cache ALLZ for /GetWeather?lat=59.32&lon=18.06
[2026-01-05 17:04:41] INFO: Cache ALLZ for /GetSurprise
[2026-01-05 17:06:23] INFO: Cache MISS for /GetCities
[2026-01-05 17:06:23] INFO: Fetching from network: http://stockholm1.onvo.se:10480/GetCities
[2026-01-05 17:06:23] INFO: Cache UPDATE for /GetCities
[2026-01-05 17:06:23] INFO: Cache MISS for /GetLocation?name=Stockholm
[2026-01-05 17:06:23] INFO: Fetching from network: http://stockholm1.onvo.se:10480/GetLocation?name=Stockholm
[2026-01-05 17:06:23] INFO: Cache UPDATE for /GetLocation?name=Stockholm
[2026-01-05 17:06:23] INFO: Cache MISS for /GetWeather?lat=59.32&lon=18.06
[2026-01-05 17:06:23] INFO: Fetching from network: http://stockholm1.onvo.se:10480/GetWeather?lat=59.32&lon=18.06
[2026-01-05 17:06:23] INFO: Cache UPDATE for /GetWeather?lat=59.32&lon=18.06
[2026-01-05 17:06:23] INFO: Cache MISS for /GetSurprise
[2026-01-05 17:06:23] INFO: Fetching from network: http://stockholm1.onvo.se:10480/GetSurprise
[2026-01-05 17:06:23] INFO: Cache UPDATE for /GetSurprise
[2026-01-05 17:06:23] INFO: Cache ALLZ for /GetCities
[2026-01-05 17:06:23] INFO: Cache ALLZ for /GetLocation?name=Stockholm
[2026-01-05 17:06:23] INFO: Cache ALLZ for /GetWeather?lat=59.32&lon=18.06
[2026-01-05 17:06:23] INFO: Cache ALLZ for /GetSurprise
[2026-01-05 17:07:18] INFO: Cache ALLZ for /GetCities
[2026-01-05 17:07:18] INFO: Cache ALLZ for /GetLocation?name=Stockholm
[2026-01-05 17:07:18] INFO: Cache ALLZ for /GetWeather?lat=59.32&lon=18.06
[2026-01-05 17:07:18] INFO: Cache ALLZ for /GetSurprise
[2026-01-05 17:07:18] INFO: Cache ALLZ for /GetCities
[2026-01-05 17:07:18] INFO: Cache ALLZ for /GetLocation?name=Stockholm
[2026-01-05 17:07:18] INFO: Cache ALLZ for /GetWeather?lat=59.32&lon=18.06
[2026-01-05 17:07:18] INFO: Cache ALLZ for /GetSurprise
[2026-01-05 17:07:48] INFO: Cache ALLZ for /GetCities
[2026-01-05 17:07:48] INFO: Cache ALLZ for /GetLocation?name=Stockholm
[2026-01-05 17:07:48] INFO: Cache ALLZ for /GetWeather?lat=59.32&lon=18.06
[2026-01-05 17:07:48] INFO: Cache ALLZ for /GetSurprise
[2026-01-05 17:07:48] INFO: Cache ALLZ for /GetCities
[2026-01-05 17:07:48] INFO: Cache ALLZ for /GetLocation?name=Stockholm
[2026-01-05 17:07:48] INFO: Cache ALLZ for /GetWeather?lat=59.32&lon=18.06
[2026-01-05 17:07:48] INFO: Cache ALLZ for /GetSurprise
[2026-01-05 17:08:00] INFO: Cache ALLZ for /GetCities
[2026-01-05 17:08:00] INFO: Cache ALLZ for /GetLocation?name=Stockholm
[2026-01-05 17:08:00] INFO: Cache ALLZ for /GetWeather?lat=59.32&lon=18.06
[2026-01-05 17:08:00] INFO: Cache ALLZ for /GetSurprise
[2026-01-05 17:08:00] INFO: Cache ALLZ for /GetCities
[2026-01-05 17:08:00] INFO: Cache ALLZ for /GetLocation?name=Stockholm
[2026-01-05 17:08:00] INFO: Cache ALLZ for /GetWeather?lat=59.32&lon=18.06
[2026-01-05 17:08:00] INFO: Cache ALLZ for /GetSurprise
[2026-01-05 17:09:08] INFO: Cache MISS for /GetCities
[2026-01-05 17:09:08] INFO: Fetching from network: http://stockholm1.onvo.se:10480/GetCities
[2026-01-05 17:09:08] INFO: Cache UPDATE for /GetCities
[2026-01-05 17:09:08] INFO: Cache MISS for /GetLocation?name=Stockholm
[2026-01-05 17:09:08] INFO: Fetching from network: http://stockholm1.onvo.se:10480/GetLocation?name=Stockholm
[2026-01-05 17:09:09] INFO: Cache UPDATE for /GetLocation?name=Stockholm
[2026-01-05 17:09:09] INFO: Cache MISS for /GetWeather?lat=59.32&lon=18.06
[2026-01-05 17:09:09] INFO: Fetching from network: http://stockholm1.onvo.se:10480/GetWeather?lat=59.32&lon=18.06
[2026-01-05 17:09:09] INFO: Cache UPDATE for /GetWeather?lat=59.32&lon=18.06
[2026-01-05 17:09:09] INFO: Cache MISS for /GetSurprise
[2026-01-05 17:09:09] INFO: Fetching from network: http://stockholm1.onvo.se:10480/GetSurprise
[2026-01-05 17:09:09] INFO: Cache UPDATE for /GetSurprise
[2026-01-05 17:09:09] INFO: Cache ALLZ for /GetCities
[2026-01-05 17:09:09] INFO: Cache ALLZ for /GetLocation?name=Stockholm
[2026-01-05 17:09:09] INFO: Cache ALLZ for /GetWeather?lat=59.32&lon=18.06
[2026-01-05 17:09:09] INFO: Cache ALLZ for /GetSurprise
[2026-01-05 17:10:40] INFO: Cache ALLZ for /GetCities
[2026-01-05 17:10:40] INFO: Cache ALLZ for /GetLocation?name=Stockholm
[2026-01-05 17:10:40] INFO: Cache ALLZ for /GetWeather?lat=59.32&lon=18.06
[2026-01-05 17:10:40] INFO: Cache ALLZ for /GetSurprise
[2026-01-05 17:10:40] INFO: Cache ALLZ for /GetCities
[2026-01-05 17:10:40] INFO: Cache ALLZ for /GetLocation?name=Stockholm
[2026-01-05 17:10:40] INFO: Cache ALLZ for /GetWeather?lat=59.32&lon=18.06
[2026-01-05 17:10:40] INFO: Cache ALLZ for /GetSurprise
